Archive member included to satisfy reference by file (symbol)

.pio/build/mik32v2/libruntime.a(crt0.o)
                              (_start)
.pio/build/mik32v2/libs.a(uart_lib.o)
                              .pio/build/mik32v2/src/main.o (UART_Init)
.pio/build/mik32v2/libs.a(xprintf.o)
                              .pio/build/mik32v2/src/main.o (xfunc_out)
.pio/build/mik32v2/libhal_peripherals.a(mik32_hal_gpio.o)
                              .pio/build/mik32v2/src/main.o (HAL_GPIO_Init)
.pio/build/mik32v2/libhal_peripherals.a(mik32_hal_pcc.o)
                              .pio/build/mik32v2/src/main.o (HAL_PCC_Config)

Allocating common symbols
Common symbol       size              file

xfunc_in            0x4               .pio/build/mik32v2/libs.a(xprintf.o)
xfunc_out           0x4               .pio/build/mik32v2/libs.a(xprintf.o)

Discarded input sections

 .text          0x0000000000000000        0x0 .pio/build/mik32v2/src/main.o
 .data          0x0000000000000000        0x0 .pio/build/mik32v2/src/main.o
 .bss           0x0000000000000000        0x0 .pio/build/mik32v2/src/main.o
 .data          0x0000000000000000        0x0 .pio/build/mik32v2/libruntime.a(crt0.o)
 .bss           0x0000000000000000        0x0 .pio/build/mik32v2/libruntime.a(crt0.o)
 .text          0x0000000000000000        0x0 .pio/build/mik32v2/libs.a(uart_lib.o)
 .data          0x0000000000000000        0x0 .pio/build/mik32v2/libs.a(uart_lib.o)
 .bss           0x0000000000000000        0x0 .pio/build/mik32v2/libs.a(uart_lib.o)
 .text.UART_IsTxBufferFreed
                0x0000000000000000        0xc .pio/build/mik32v2/libs.a(uart_lib.o)
 .text.UART_Write
                0x0000000000000000       0x40 .pio/build/mik32v2/libs.a(uart_lib.o)
 .text.UART_IsRxFifoEmpty
                0x0000000000000000        0xc .pio/build/mik32v2/libs.a(uart_lib.o)
 .text.UART_IsRxFifoFull
                0x0000000000000000       0x1a .pio/build/mik32v2/libs.a(uart_lib.o)
 .text.UART_WaitReceiving
                0x0000000000000000       0x1c .pio/build/mik32v2/libs.a(uart_lib.o)
 .text.UART_ReadByte
                0x0000000000000000        0x8 .pio/build/mik32v2/libs.a(uart_lib.o)
 .text.UART_Read
                0x0000000000000000       0x3e .pio/build/mik32v2/libs.a(uart_lib.o)
 .text.UART_ClearRxFifo
                0x0000000000000000       0x20 .pio/build/mik32v2/libs.a(uart_lib.o)
 .text.xputc    0x0000000000000000       0x30 .pio/build/mik32v2/libs.a(uart_lib.o)
 .text          0x0000000000000000        0x0 .pio/build/mik32v2/libs.a(xprintf.o)
 .data          0x0000000000000000        0x0 .pio/build/mik32v2/libs.a(xprintf.o)
 .bss           0x0000000000000000        0x0 .pio/build/mik32v2/libs.a(xprintf.o)
 .text.xfputc   0x0000000000000000       0x2c .pio/build/mik32v2/libs.a(xprintf.o)
 .text.xvprintf
                0x0000000000000000      0x2a4 .pio/build/mik32v2/libs.a(xprintf.o)
 .rodata        0x0000000000000000       0x5c .pio/build/mik32v2/libs.a(xprintf.o)
 .text.xfputs   0x0000000000000000       0x3a .pio/build/mik32v2/libs.a(xprintf.o)
 .text.xprintf  0x0000000000000000       0x24 .pio/build/mik32v2/libs.a(xprintf.o)
 .text.xsprintf
                0x0000000000000000       0x3e .pio/build/mik32v2/libs.a(xprintf.o)
 .text.xfprintf
                0x0000000000000000       0x3e .pio/build/mik32v2/libs.a(xprintf.o)
 .text.put_dump
                0x0000000000000000       0xe8 .pio/build/mik32v2/libs.a(xprintf.o)
 .text.xgets    0x0000000000000000       0x9a .pio/build/mik32v2/libs.a(xprintf.o)
 .text.xfgets   0x0000000000000000       0x30 .pio/build/mik32v2/libs.a(xprintf.o)
 .text.xatoi    0x0000000000000000      0x10c .pio/build/mik32v2/libs.a(xprintf.o)
 .rodata.str1.4
                0x0000000000000000       0x1f .pio/build/mik32v2/libs.a(xprintf.o)
 .sbss          0x0000000000000000        0x4 .pio/build/mik32v2/libs.a(xprintf.o)
 .text          0x0000000000000000        0x0 .pio/build/mik32v2/libhal_peripherals.a(mik32_hal_gpio.o)
 .data          0x0000000000000000        0x0 .pio/build/mik32v2/libhal_peripherals.a(mik32_hal_gpio.o)
 .bss           0x0000000000000000        0x0 .pio/build/mik32v2/libhal_peripherals.a(mik32_hal_gpio.o)
 .text.HAL_GPIO_PinConfig
                0x0000000000000000       0x1c .pio/build/mik32v2/libhal_peripherals.a(mik32_hal_gpio.o)
 .text.HAL_GPIO_ReadPin
                0x0000000000000000        0xa .pio/build/mik32v2/libhal_peripherals.a(mik32_hal_gpio.o)
 .text.HAL_GPIO_WritePin
                0x0000000000000000        0xa .pio/build/mik32v2/libhal_peripherals.a(mik32_hal_gpio.o)
 .text.HAL_GPIO_InitInterruptLine
                0x0000000000000000       0xc4 .pio/build/mik32v2/libhal_peripherals.a(mik32_hal_gpio.o)
 .text.HAL_GPIO_DeInitInterruptLine
                0x0000000000000000       0x4c .pio/build/mik32v2/libhal_peripherals.a(mik32_hal_gpio.o)
 .text.HAL_GPIO_LineInterruptState
                0x0000000000000000       0x18 .pio/build/mik32v2/libhal_peripherals.a(mik32_hal_gpio.o)
 .text.HAL_GPIO_LinePinState
                0x0000000000000000       0x18 .pio/build/mik32v2/libhal_peripherals.a(mik32_hal_gpio.o)
 .text.HAL_GPIO_ClearInterrupts
                0x0000000000000000        0xe .pio/build/mik32v2/libhal_peripherals.a(mik32_hal_gpio.o)
 .sbss          0x0000000000000000        0x4 .pio/build/mik32v2/libhal_peripherals.a(mik32_hal_gpio.o)
 .text          0x0000000000000000        0x0 .pio/build/mik32v2/libhal_peripherals.a(mik32_hal_pcc.o)
 .data          0x0000000000000000        0x0 .pio/build/mik32v2/libhal_peripherals.a(mik32_hal_pcc.o)
 .bss           0x0000000000000000        0x0 .pio/build/mik32v2/libhal_peripherals.a(mik32_hal_pcc.o)
 .text.HAL_PCC_OscEnable
                0x0000000000000000       0x50 .pio/build/mik32v2/libhal_peripherals.a(mik32_hal_pcc.o)
 .text.HAL_PCC_OscDisable
                0x0000000000000000       0x58 .pio/build/mik32v2/libhal_peripherals.a(mik32_hal_pcc.o)
 .text.HAL_PCC_GetSysClockFreq
                0x0000000000000000       0x3c .pio/build/mik32v2/libhal_peripherals.a(mik32_hal_pcc.o)

Memory Configuration

Name             Origin             Length             Attributes
rom              0x0000000080000000 0x0000000000004000 xr
ram              0x0000000002000000 0x0000000000004000 xrw
*default*        0x0000000000000000 0xffffffffffffffff

Linker script and memory map

LOAD .pio/build/mik32v2/src/main.o
START GROUP
LOAD .pio/build/mik32v2/libruntime.a
LOAD .pio/build/mik32v2/libs.a
LOAD .pio/build/mik32v2/libhal_core.a
LOAD .pio/build/mik32v2/libhal_peripherals.a
LOAD .pio/build/mik32v2/libhal_utilities.a
LOAD .pio/build/mik32v2/libruntime.a
LOAD .pio/build/mik32v2/libs.a
LOAD .pio/build/mik32v2/libhal_core.a
LOAD .pio/build/mik32v2/libhal_peripherals.a
LOAD .pio/build/mik32v2/libhal_utilities.a
LOAD /home/paul/.platformio/packages/toolchain-riscv/bin/../lib/gcc/riscv64-unknown-elf/8.3.0/../../../../riscv64-unknown-elf/lib/rv32im/ilp32/libc.a
END GROUP
LOAD /home/paul/.platformio/packages/toolchain-riscv/bin/../lib/gcc/riscv64-unknown-elf/8.3.0/rv32im/ilp32/libgcc.a
START GROUP
LOAD /home/paul/.platformio/packages/toolchain-riscv/bin/../lib/gcc/riscv64-unknown-elf/8.3.0/../../../../riscv64-unknown-elf/lib/rv32im/ilp32/libc.a
LOAD /home/paul/.platformio/packages/toolchain-riscv/bin/../lib/gcc/riscv64-unknown-elf/8.3.0/../../../../riscv64-unknown-elf/lib/rv32im/ilp32/libgloss.a
END GROUP
LOAD /home/paul/.platformio/packages/toolchain-riscv/bin/../lib/gcc/riscv64-unknown-elf/8.3.0/rv32im/ilp32/libgcc.a
                0x0000000000000400                STACK_SIZE = 0x400
                0x0000000000000010                CL_SIZE = 0x10

.text           0x0000000080000000      0x720
                [!provide]                        PROVIDE (__TEXT_START__ = .)
 *crt0.o(.text .text.*)
 .text          0x0000000080000000       0x76 .pio/build/mik32v2/libruntime.a(crt0.o)
                0x0000000080000000                _start
                0x0000000080000074                SmallSystemInit
                0x0000000080000074                SystemInit
 *(.text.smallsysteminit)
 *(.text.SmallSystemInit)
                0x00000000000000c0                . = 0xc0
 *fill*         0x0000000080000076       0x4a 
 *crt0.o(.trap_text)
 .trap_text     0x00000000800000c0       0x94 .pio/build/mik32v2/libruntime.a(crt0.o)
                0x00000000800000c0                trap_entry
                0x00000000800000c4                raw_trap_handler
                0x0000000080000152                trap_handler
 *(.text)
 *(.text.*)
 .text.xputc    0x0000000080000154       0x24 .pio/build/mik32v2/src/main.o
                0x0000000080000154                xputc
 .text.SystemClock_Config
                0x0000000080000178       0x3c .pio/build/mik32v2/src/main.o
                0x0000000080000178                SystemClock_Config
 .text.GPIO_Init
                0x00000000800001b4       0x1e .pio/build/mik32v2/src/main.o
                0x00000000800001b4                GPIO_Init
 .text.main     0x00000000800001d2       0x92 .pio/build/mik32v2/src/main.o
                0x00000000800001d2                main
 .text.HAL_UART_MspInit
                0x0000000080000264       0x6a .pio/build/mik32v2/libs.a(uart_lib.o)
                0x0000000080000264                HAL_UART_MspInit
 .text.UART_Init
                0x00000000800002ce       0x84 .pio/build/mik32v2/libs.a(uart_lib.o)
                0x00000000800002ce                UART_Init
 .text.UART_IsTransmissionFinished
                0x0000000080000352       0x10 .pio/build/mik32v2/libs.a(uart_lib.o)
                0x0000000080000352                UART_IsTransmissionFinished
 .text.UART_WaitTransmission
                0x0000000080000362       0x16 .pio/build/mik32v2/libs.a(uart_lib.o)
                0x0000000080000362                UART_WaitTransmission
 .text.UART_WriteByte
                0x0000000080000378        0x4 .pio/build/mik32v2/libs.a(uart_lib.o)
                0x0000000080000378                UART_WriteByte
 .text.xputs    0x000000008000037c       0x1c .pio/build/mik32v2/libs.a(xprintf.o)
                0x000000008000037c                xputs
 .text.HAL_GPIO_Init
                0x0000000080000398       0xd8 .pio/build/mik32v2/libhal_peripherals.a(mik32_hal_gpio.o)
                0x0000000080000398                HAL_GPIO_Init
 .text.HAL_GPIO_TogglePin
                0x0000000080000470        0x8 .pio/build/mik32v2/libhal_peripherals.a(mik32_hal_gpio.o)
                0x0000000080000470                HAL_GPIO_TogglePin
 .text.HAL_PCC_FreqMonRefSet
                0x0000000080000478       0x7c .pio/build/mik32v2/libhal_peripherals.a(mik32_hal_pcc.o)
                0x0000000080000478                HAL_PCC_FreqMonRefSet
 .text.HAL_PCC_SetOscSystem
                0x00000000800004f4       0x82 .pio/build/mik32v2/libhal_peripherals.a(mik32_hal_pcc.o)
                0x00000000800004f4                HAL_PCC_SetOscSystem
 .text.HAL_PCC_RTCClock
                0x0000000080000576       0x80 .pio/build/mik32v2/libhal_peripherals.a(mik32_hal_pcc.o)
                0x0000000080000576                HAL_PCC_RTCClock
 .text.HAL_PCC_CPURTCClock
                0x00000000800005f6       0x52 .pio/build/mik32v2/libhal_peripherals.a(mik32_hal_pcc.o)
                0x00000000800005f6                HAL_PCC_CPURTCClock
 .text.HAL_PCC_DividerAHB
                0x0000000080000648        0x8 .pio/build/mik32v2/libhal_peripherals.a(mik32_hal_pcc.o)
                0x0000000080000648                HAL_PCC_DividerAHB
 .text.HAL_PCC_DividerAPB_M
                0x0000000080000650        0x8 .pio/build/mik32v2/libhal_peripherals.a(mik32_hal_pcc.o)
                0x0000000080000650                HAL_PCC_DividerAPB_M
 .text.HAL_PCC_DividerAPB_P
                0x0000000080000658        0x8 .pio/build/mik32v2/libhal_peripherals.a(mik32_hal_pcc.o)
                0x0000000080000658                HAL_PCC_DividerAPB_P
 .text.HAL_PCC_Config
                0x0000000080000660       0xb0 .pio/build/mik32v2/libhal_peripherals.a(mik32_hal_pcc.o)
                0x0000000080000660                HAL_PCC_Config
 *(.rodata)
 *(.rodata.*)
 .rodata.str1.4
                0x0000000080000710       0x10 .pio/build/mik32v2/src/main.o
                                          0xe (size before relaxing)
                0x0000000080000720                . = ALIGN (CL_SIZE)
 *fill*         0x0000000080000720        0x0 
                0x0000000080000720                PROVIDE (__TEXT_END__ = .)

.rela.dyn       0x0000000080000720        0x0
 .rela.text.main
                0x0000000080000720        0x0 .pio/build/mik32v2/src/main.o
 .rela.text     0x0000000080000720        0x0 .pio/build/mik32v2/src/main.o
 .rela.trap_text
                0x0000000080000720        0x0 .pio/build/mik32v2/src/main.o
 .rela.text.UART_Init
                0x0000000080000720        0x0 .pio/build/mik32v2/src/main.o
 .rela.text.xputs
                0x0000000080000720        0x0 .pio/build/mik32v2/src/main.o

.data           0x0000000002000000        0x0 load address 0x0000000080000720
                0x0000000002000000                PROVIDE (__DATA_START__ = .)
                0x0000000002000000                _gp = .
 *(.srodata.cst16)
 *(.srodata.cst8)
 *(.srodata.cst4)
 *(.srodata.cst2)
 *(.srodata*)
 *(.sdata .sdata.* .gnu.linkonce.s.*)
 *(.data .data.*)
                0x0000000002000000                . = ALIGN (CL_SIZE)
                0x0000000080000720                __DATA_IMAGE_START__ = LOADADDR (.data)
                0x0000000080000720                __DATA_IMAGE_END__ = (LOADADDR (.data) + SIZEOF (.data))
                0x0000000000000001                ASSERT ((__DATA_IMAGE_END__ < (ORIGIN (rom) + LENGTH (rom))), Data image overflows rom section)

.tdata          0x0000000002000000        0x0
                [!provide]                        PROVIDE (_tls_data = .)
                [!provide]                        PROVIDE (_tdata_begin = .)
 *(.tdata .tdata.*)
                [!provide]                        PROVIDE (_tdata_end = .)
                0x0000000002000000                . = ALIGN (CL_SIZE)

.tbss           0x0000000002000000        0x0
                0x0000000002000000                PROVIDE (__BSS_START__ = .)
 *(.tbss .tbss.*)
                0x0000000002000000                . = ALIGN (CL_SIZE)
                [!provide]                        PROVIDE (_tbss_end = .)

.sbss
 *(.sbss .sbss.* .gnu.linkonce.sb.*)
 *(.scommon)

.bss            0x0000000002000000        0x8
 *(.bss .bss.*)
                0x0000000002000000                . = ALIGN (CL_SIZE)
                0x0000000002000000                PROVIDE (__BSS_END__ = .)
 COMMON         0x0000000002000000        0x8 .pio/build/mik32v2/libs.a(xprintf.o)
                0x0000000002000000                xfunc_in
                0x0000000002000004                xfunc_out
                0x0000000002000008                _end = .
                [!provide]                        PROVIDE (__end = .)

.stack          0x0000000002003c00      0x400
 FILL mask 0x00000000
                [!provide]                        PROVIDE (__STACK_START__ = .)
                0x0000000002004000                . = (. + STACK_SIZE)
 *fill*         0x0000000002003c00      0x400 00000000
                0x0000000002004000                PROVIDE (__C_STACK_TOP__ = .)
                [!provide]                        PROVIDE (__STACK_END__ = .)

/DISCARD/
 *(.eh_frame .eh_frame.*)
OUTPUT(.pio/build/mik32v2/firmware.elf elf32-littleriscv)

.debug_info     0x0000000000000000     0x2a85
 .debug_info    0x0000000000000000      0x798 .pio/build/mik32v2/src/main.o
 .debug_info    0x0000000000000798       0x22 .pio/build/mik32v2/libruntime.a(crt0.o)
 .debug_info    0x00000000000007ba      0x85e .pio/build/mik32v2/libs.a(uart_lib.o)
 .debug_info    0x0000000000001018      0x737 .pio/build/mik32v2/libs.a(xprintf.o)
 .debug_info    0x000000000000174f      0xb97 .pio/build/mik32v2/libhal_peripherals.a(mik32_hal_gpio.o)
 .debug_info    0x00000000000022e6      0x79f .pio/build/mik32v2/libhal_peripherals.a(mik32_hal_pcc.o)

.debug_abbrev   0x0000000000000000      0x9f3
 .debug_abbrev  0x0000000000000000      0x208 .pio/build/mik32v2/src/main.o
 .debug_abbrev  0x0000000000000208       0x12 .pio/build/mik32v2/libruntime.a(crt0.o)
 .debug_abbrev  0x000000000000021a      0x1ae .pio/build/mik32v2/libs.a(uart_lib.o)
 .debug_abbrev  0x00000000000003c8      0x241 .pio/build/mik32v2/libs.a(xprintf.o)
 .debug_abbrev  0x0000000000000609      0x1fd .pio/build/mik32v2/libhal_peripherals.a(mik32_hal_gpio.o)
 .debug_abbrev  0x0000000000000806      0x1ed .pio/build/mik32v2/libhal_peripherals.a(mik32_hal_pcc.o)

.debug_loc      0x0000000000000000     0x16b7
 .debug_loc     0x0000000000000000       0x21 .pio/build/mik32v2/src/main.o
 .debug_loc     0x0000000000000021      0x3f9 .pio/build/mik32v2/libs.a(uart_lib.o)
 .debug_loc     0x000000000000041a      0xa7b .pio/build/mik32v2/libs.a(xprintf.o)
 .debug_loc     0x0000000000000e95      0x3b6 .pio/build/mik32v2/libhal_peripherals.a(mik32_hal_gpio.o)
 .debug_loc     0x000000000000124b      0x46c .pio/build/mik32v2/libhal_peripherals.a(mik32_hal_pcc.o)

.debug_aranges  0x0000000000000000      0x230
 .debug_aranges
                0x0000000000000000       0x38 .pio/build/mik32v2/src/main.o
 .debug_aranges
                0x0000000000000038       0x28 .pio/build/mik32v2/libruntime.a(crt0.o)
 .debug_aranges
                0x0000000000000060       0x88 .pio/build/mik32v2/libs.a(uart_lib.o)
 .debug_aranges
                0x00000000000000e8       0x70 .pio/build/mik32v2/libs.a(xprintf.o)
 .debug_aranges
                0x0000000000000158       0x68 .pio/build/mik32v2/libhal_peripherals.a(mik32_hal_gpio.o)
 .debug_aranges
                0x00000000000001c0       0x70 .pio/build/mik32v2/libhal_peripherals.a(mik32_hal_pcc.o)

.debug_ranges   0x0000000000000000      0x1d8
 .debug_ranges  0x0000000000000000       0x28 .pio/build/mik32v2/src/main.o
 .debug_ranges  0x0000000000000028       0x20 .pio/build/mik32v2/libruntime.a(crt0.o)
 .debug_ranges  0x0000000000000048       0x78 .pio/build/mik32v2/libs.a(uart_lib.o)
 .debug_ranges  0x00000000000000c0       0x60 .pio/build/mik32v2/libs.a(xprintf.o)
 .debug_ranges  0x0000000000000120       0x58 .pio/build/mik32v2/libhal_peripherals.a(mik32_hal_gpio.o)
 .debug_ranges  0x0000000000000178       0x60 .pio/build/mik32v2/libhal_peripherals.a(mik32_hal_pcc.o)

.debug_line     0x0000000000000000     0x3126
 .debug_line    0x0000000000000000      0x40e .pio/build/mik32v2/src/main.o
 .debug_line    0x000000000000040e      0x112 .pio/build/mik32v2/libruntime.a(crt0.o)
 .debug_line    0x0000000000000520      0x73e .pio/build/mik32v2/libs.a(uart_lib.o)
 .debug_line    0x0000000000000c5e     0x10d8 .pio/build/mik32v2/libs.a(xprintf.o)
 .debug_line    0x0000000000001d36      0x8c4 .pio/build/mik32v2/libhal_peripherals.a(mik32_hal_gpio.o)
 .debug_line    0x00000000000025fa      0xb2c .pio/build/mik32v2/libhal_peripherals.a(mik32_hal_pcc.o)

.debug_str      0x0000000000000000     0x205e
 .debug_str     0x0000000000000000      0x7c4 .pio/build/mik32v2/src/main.o
                                        0x926 (size before relaxing)
 .debug_str     0x00000000000007c4       0x58 .pio/build/mik32v2/libruntime.a(crt0.o)
                                         0x90 (size before relaxing)
 .debug_str     0x000000000000081c      0x226 .pio/build/mik32v2/libs.a(uart_lib.o)
                                        0x709 (size before relaxing)
 .debug_str     0x0000000000000a42       0xd6 .pio/build/mik32v2/libs.a(xprintf.o)
                                        0x1f8 (size before relaxing)
 .debug_str     0x0000000000000b18     0x1324 .pio/build/mik32v2/libhal_peripherals.a(mik32_hal_gpio.o)
                                       0x17a7 (size before relaxing)
 .debug_str     0x0000000000001e3c      0x222 .pio/build/mik32v2/libhal_peripherals.a(mik32_hal_pcc.o)
                                        0x8e5 (size before relaxing)

.comment        0x0000000000000000       0x28
 .comment       0x0000000000000000       0x28 .pio/build/mik32v2/src/main.o
                                         0x29 (size before relaxing)
 .comment       0x0000000000000028       0x29 .pio/build/mik32v2/libs.a(uart_lib.o)
 .comment       0x0000000000000028       0x29 .pio/build/mik32v2/libs.a(xprintf.o)
 .comment       0x0000000000000028       0x29 .pio/build/mik32v2/libhal_peripherals.a(mik32_hal_gpio.o)
 .comment       0x0000000000000028       0x29 .pio/build/mik32v2/libhal_peripherals.a(mik32_hal_pcc.o)

.riscv.attributes
                0x0000000000000000       0x26
 .riscv.attributes
                0x0000000000000000       0x26 .pio/build/mik32v2/src/main.o
 .riscv.attributes
                0x0000000000000026       0x24 .pio/build/mik32v2/libruntime.a(crt0.o)
 .riscv.attributes
                0x000000000000004a       0x26 .pio/build/mik32v2/libs.a(uart_lib.o)
 .riscv.attributes
                0x0000000000000070       0x26 .pio/build/mik32v2/libs.a(xprintf.o)
 .riscv.attributes
                0x0000000000000096       0x26 .pio/build/mik32v2/libhal_peripherals.a(mik32_hal_gpio.o)
 .riscv.attributes
                0x00000000000000bc       0x26 .pio/build/mik32v2/libhal_peripherals.a(mik32_hal_pcc.o)

.debug_frame    0x0000000000000000      0x570
 .debug_frame   0x0000000000000000       0x80 .pio/build/mik32v2/src/main.o
 .debug_frame   0x0000000000000080      0x1a0 .pio/build/mik32v2/libs.a(uart_lib.o)
 .debug_frame   0x0000000000000220      0x1a0 .pio/build/mik32v2/libs.a(xprintf.o)
 .debug_frame   0x00000000000003c0       0xbc .pio/build/mik32v2/libhal_peripherals.a(mik32_hal_gpio.o)
 .debug_frame   0x000000000000047c       0xf4 .pio/build/mik32v2/libhal_peripherals.a(mik32_hal_pcc.o)
